cmu_us_arctic_slt_a0091
cmu_us_arctic_slt_a0534
cmu_us_arctic_slt_b0183
cmu_us_arctic_slt_a0132
cmu_us_arctic_slt_b0027
cmu_us_arctic_slt_b0372
cmu_us_arctic_slt_a0507
cmu_us_arctic_slt_b0078
cmu_us_arctic_slt_a0073
cmu_us_arctic_slt_a0288
cmu_us_arctic_slt_a0414
cmu_us_arctic_slt_b0428
cmu_us_arctic_slt_b0130
cmu_us_arctic_slt_a0334
cmu_us_arctic_slt_a0577
cmu_us_arctic_slt_b0358
cmu_us_arctic_slt_a0583
cmu_us_arctic_slt_a0161
cmu_us_arctic_slt_a0140
cmu_us_arctic_slt_a0129
cmu_us_arctic_slt_a0489
cmu_us_arctic_slt_b0080
cmu_us_arctic_slt_a0173
cmu_us_arctic_slt_b0023
cmu_us_arctic_slt_a0383
cmu_us_arctic_slt_a0332
cmu_us_arctic_slt_b0103
cmu_us_arctic_slt_b0279
cmu_us_arctic_slt_a0197
cmu_us_arctic_slt_a0292
cmu_us_arctic_slt_a0508
cmu_us_arctic_slt_a0044
cmu_us_arctic_slt_b0353
cmu_us_arctic_slt_b0494
cmu_us_arctic_slt_a0576
cmu_us_arctic_slt_b0246
cmu_us_arctic_slt_a0328
cmu_us_arctic_slt_a0286
cmu_us_arctic_slt_b0186
cmu_us_arctic_slt_b0222
cmu_us_arctic_slt_a0325
cmu_us_arctic_slt_a0003
cmu_us_arctic_slt_a0519
cmu_us_arctic_slt_b0071
cmu_us_arctic_slt_a0411
cmu_us_arctic_slt_a0470
cmu_us_arctic_slt_a0139
cmu_us_arctic_slt_b0467
cmu_us_arctic_slt_b0030
cmu_us_arctic_slt_a0208
